Archive member included to satisfy reference by file (symbol)

c:/program files (x86)/atmel/studio/7.0/toolchain/avr8/avr8-gnu-toolchain/bin/../lib/gcc/avr/5.4.0/avr6\libgcc.a(_divmodhi4.o)
                              classes.o (__divmodhi4)
c:/program files (x86)/atmel/studio/7.0/toolchain/avr8/avr8-gnu-toolchain/bin/../lib/gcc/avr/5.4.0/avr6\libgcc.a(_exit.o)
                              c:/program files (x86)/atmel/studio/7.0/toolchain/avr8/avr8-gnu-toolchain/bin/../lib/gcc/avr/5.4.0/../../../../avr/lib/avr6/crtatmega2560.o (exit)
c:/program files (x86)/atmel/studio/7.0/toolchain/avr8/avr8-gnu-toolchain/bin/../lib/gcc/avr/5.4.0/avr6\libgcc.a(_tablejump2.o)
                              main.o (__tablejump2__)
c:/program files (x86)/atmel/studio/7.0/toolchain/avr8/avr8-gnu-toolchain/bin/../lib/gcc/avr/5.4.0/avr6\libgcc.a(_copy_data.o)
                              classes.o (__do_copy_data)
c:/program files (x86)/atmel/studio/7.0/toolchain/avr8/avr8-gnu-toolchain/bin/../lib/gcc/avr/5.4.0/avr6\libgcc.a(_clear_bss.o)
                              rrelogio.o (__do_clear_bss)
c:/program files (x86)/atmel/studio/7.0/toolchain/avr8/avr8-gnu-toolchain/bin/../lib/gcc/avr/5.4.0/avr6\libgcc.a(_ctors.o)
                              rrelogio.o (__do_global_ctors)
c:/program files (x86)/atmel/studio/7.0/toolchain/avr8/avr8-gnu-toolchain/bin/../lib/gcc/avr/5.4.0/avr6\libgcc.a(_udivmodhi4.o)
                              c:/program files (x86)/atmel/studio/7.0/toolchain/avr8/avr8-gnu-toolchain/bin/../lib/gcc/avr/5.4.0/avr6\libgcc.a(_divmodhi4.o) (__udivmodhi4)
c:/program files (x86)/atmel/studio/7.0/toolchain/avr8/avr8-gnu-toolchain/bin/../lib/gcc/avr/5.4.0/../../../../avr/lib/avr6\libc.a(strcmp.o)
                              main.o (strcmp)
c:/program files (x86)/atmel/studio/7.0/toolchain/avr8/avr8-gnu-toolchain/bin/../lib/gcc/avr/5.4.0/../../../../avr/lib/avr6\libc.a(itoa_ncheck.o)
                              main.o (__itoa_ncheck)
c:/program files (x86)/atmel/studio/7.0/toolchain/avr8/avr8-gnu-toolchain/bin/../lib/gcc/avr/5.4.0/../../../../avr/lib/avr6\libc.a(utoa_ncheck.o)
                              c:/program files (x86)/atmel/studio/7.0/toolchain/avr8/avr8-gnu-toolchain/bin/../lib/gcc/avr/5.4.0/../../../../avr/lib/avr6\libc.a(itoa_ncheck.o) (__utoa_common)
c:/program files (x86)/atmel/studio/7.0/toolchain/avr8/avr8-gnu-toolchain/bin/../lib/gcc/avr/5.4.0/../../../../avr/lib/avr6\libc.a(strrev.o)
                              c:/program files (x86)/atmel/studio/7.0/toolchain/avr8/avr8-gnu-toolchain/bin/../lib/gcc/avr/5.4.0/../../../../avr/lib/avr6\libc.a(utoa_ncheck.o) (strrev)

Discarded input sections

 .data          0x00000000        0x0 c:/program files (x86)/atmel/studio/7.0/toolchain/avr8/avr8-gnu-toolchain/bin/../lib/gcc/avr/5.4.0/../../../../avr/lib/avr6/crtatmega2560.o
 .bss           0x00000000        0x0 c:/program files (x86)/atmel/studio/7.0/toolchain/avr8/avr8-gnu-toolchain/bin/../lib/gcc/avr/5.4.0/../../../../avr/lib/avr6/crtatmega2560.o
 .text          0x00000000        0x0 atraso.o
 .data          0x00000000        0x0 atraso.o
 .bss           0x00000000        0x0 atraso.o
 .text          0x00000000        0x0 classes.o
 .data          0x00000000        0x0 classes.o
 .bss           0x00000000        0x0 classes.o
 .text._ZN8DataHora24setByDataHoraZeroSecondsES_
                0x00000000       0x28 classes.o
 .text._ZN8DataHora7somaMinEi
                0x00000000       0x5a classes.o
 .text          0x00000000        0x0 lcd.o
 .data          0x00000000        0x0 lcd.o
 .bss           0x00000000        0x0 lcd.o
 .text          0x00000000        0x0 rrelogio.o
 .data          0x00000000        0x0 rrelogio.o
 .bss           0x00000000        0x0 rrelogio.o
 .text          0x00000000        0x0 main.o
 .data          0x00000000        0x0 main.o
 .bss           0x00000000        0x0 main.o
 .text._Z11enviaCartaoPc
                0x00000000       0x6c main.o
 .text._Z4erroPc
                0x00000000       0x1e main.o
 .text._Z16verificaRespostaPccS_
                0x00000000       0x3e main.o
 .data.estadoAnterior
                0x00000000        0x1 main.o
 .bss.cancelaAberta
                0x00000000        0x1 main.o
 .text          0x00000000        0x0 serial.o
 .data          0x00000000        0x0 serial.o
 .bss           0x00000000        0x0 serial.o
 .text          0x00000000        0x0 teclado.o
 .data          0x00000000        0x0 teclado.o
 .bss           0x00000000        0x0 teclado.o
 .text          0x00000000        0x0 c:/program files (x86)/atmel/studio/7.0/toolchain/avr8/avr8-gnu-toolchain/bin/../lib/gcc/avr/5.4.0/avr6\libgcc.a(_divmodhi4.o)
 .data          0x00000000        0x0 c:/program files (x86)/atmel/studio/7.0/toolchain/avr8/avr8-gnu-toolchain/bin/../lib/gcc/avr/5.4.0/avr6\libgcc.a(_divmodhi4.o)
 .bss           0x00000000        0x0 c:/program files (x86)/atmel/studio/7.0/toolchain/avr8/avr8-gnu-toolchain/bin/../lib/gcc/avr/5.4.0/avr6\libgcc.a(_divmodhi4.o)
 .text.libgcc.mul
                0x00000000        0x0 c:/program files (x86)/atmel/studio/7.0/toolchain/avr8/avr8-gnu-toolchain/bin/../lib/gcc/avr/5.4.0/avr6\libgcc.a(_divmodhi4.o)
 .text.libgcc   0x00000000        0x0 c:/program files (x86)/atmel/studio/7.0/toolchain/avr8/avr8-gnu-toolchain/bin/../lib/gcc/avr/5.4.0/avr6\libgcc.a(_divmodhi4.o)
 .text.libgcc.prologue
                0x00000000        0x0 c:/program files (x86)/atmel/studio/7.0/toolchain/avr8/avr8-gnu-toolchain/bin/../lib/gcc/avr/5.4.0/avr6\libgcc.a(_divmodhi4.o)
 .text.libgcc.builtins
                0x00000000        0x0 c:/program files (x86)/atmel/studio/7.0/toolchain/avr8/avr8-gnu-toolchain/bin/../lib/gcc/avr/5.4.0/avr6\libgcc.a(_divmodhi4.o)
 .text.libgcc.fmul
                0x00000000        0x0 c:/program files (x86)/atmel/studio/7.0/toolchain/avr8/avr8-gnu-toolchain/bin/../lib/gcc/avr/5.4.0/avr6\libgcc.a(_divmodhi4.o)
 .text.libgcc.fixed
                0x00000000        0x0 c:/program files (x86)/atmel/studio/7.0/toolchain/avr8/avr8-gnu-toolchain/bin/../lib/gcc/avr/5.4.0/avr6\libgcc.a(_divmodhi4.o)
 .text          0x00000000        0x0 c:/program files (x86)/atmel/studio/7.0/toolchain/avr8/avr8-gnu-toolchain/bin/../lib/gcc/avr/5.4.0/avr6\libgcc.a(_exit.o)
 .data          0x00000000        0x0 c:/program files (x86)/atmel/studio/7.0/toolchain/avr8/avr8-gnu-toolchain/bin/../lib/gcc/avr/5.4.0/avr6\libgcc.a(_exit.o)
 .bss           0x00000000        0x0 c:/program files (x86)/atmel/studio/7.0/toolchain/avr8/avr8-gnu-toolchain/bin/../lib/gcc/avr/5.4.0/avr6\libgcc.a(_exit.o)
 .text.libgcc.mul
                0x00000000        0x0 c:/program files (x86)/atmel/studio/7.0/toolchain/avr8/avr8-gnu-toolchain/bin/../lib/gcc/avr/5.4.0/avr6\libgcc.a(_exit.o)
 .text.libgcc.div
                0x00000000        0x0 c:/program files (x86)/atmel/studio/7.0/toolchain/avr8/avr8-gnu-toolchain/bin/../lib/gcc/avr/5.4.0/avr6\libgcc.a(_exit.o)
 .text.libgcc   0x00000000        0x0 c:/program files (x86)/atmel/studio/7.0/toolchain/avr8/avr8-gnu-toolchain/bin/../lib/gcc/avr/5.4.0/avr6\libgcc.a(_exit.o)
 .text.libgcc.prologue
                0x00000000        0x0 c:/program files (x86)/atmel/studio/7.0/toolchain/avr8/avr8-gnu-toolchain/bin/../lib/gcc/avr/5.4.0/avr6\libgcc.a(_exit.o)
 .text.libgcc.builtins
                0x00000000        0x0 c:/program files (x86)/atmel/studio/7.0/toolchain/avr8/avr8-gnu-toolchain/bin/../lib/gcc/avr/5.4.0/avr6\libgcc.a(_exit.o)
 .text.libgcc.fmul
                0x00000000        0x0 c:/program files (x86)/atmel/studio/7.0/toolchain/avr8/avr8-gnu-toolchain/bin/../lib/gcc/avr/5.4.0/avr6\libgcc.a(_exit.o)
 .text.libgcc.fixed
                0x00000000        0x0 c:/program files (x86)/atmel/studio/7.0/toolchain/avr8/avr8-gnu-toolchain/bin/../lib/gcc/avr/5.4.0/avr6\libgcc.a(_exit.o)
 .text          0x00000000        0x0 c:/program files (x86)/atmel/studio/7.0/toolchain/avr8/avr8-gnu-toolchain/bin/../lib/gcc/avr/5.4.0/avr6\libgcc.a(_tablejump2.o)
 .data          0x00000000        0x0 c:/program files (x86)/atmel/studio/7.0/toolchain/avr8/avr8-gnu-toolchain/bin/../lib/gcc/avr/5.4.0/avr6\libgcc.a(_tablejump2.o)
 .bss           0x00000000        0x0 c:/program files (x86)/atmel/studio/7.0/toolchain/avr8/avr8-gnu-toolchain/bin/../lib/gcc/avr/5.4.0/avr6\libgcc.a(_tablejump2.o)
 .text.libgcc.mul
                0x00000000        0x0 c:/program files (x86)/atmel/studio/7.0/toolchain/avr8/avr8-gnu-toolchain/bin/../lib/gcc/avr/5.4.0/avr6\libgcc.a(_tablejump2.o)
 .text.libgcc.div
                0x00000000        0x0 c:/program files (x86)/atmel/studio/7.0/toolchain/avr8/avr8-gnu-toolchain/bin/../lib/gcc/avr/5.4.0/avr6\libgcc.a(_tablejump2.o)
 .text.libgcc.prologue
                0x00000000        0x0 c:/program files (x86)/atmel/studio/7.0/toolchain/avr8/avr8-gnu-toolchain/bin/../lib/gcc/avr/5.4.0/avr6\libgcc.a(_tablejump2.o)
 .text.libgcc.builtins
                0x00000000        0x0 c:/program files (x86)/atmel/studio/7.0/toolchain/avr8/avr8-gnu-toolchain/bin/../lib/gcc/avr/5.4.0/avr6\libgcc.a(_tablejump2.o)
 .text.libgcc.fmul
                0x00000000        0x0 c:/program files (x86)/atmel/studio/7.0/toolchain/avr8/avr8-gnu-toolchain/bin/../lib/gcc/avr/5.4.0/avr6\libgcc.a(_tablejump2.o)
 .text.libgcc.fixed
                0x00000000        0x0 c:/program files (x86)/atmel/studio/7.0/toolchain/avr8/avr8-gnu-toolchain/bin/../lib/gcc/avr/5.4.0/avr6\libgcc.a(_tablejump2.o)
 .text          0x00000000        0x0 c:/program files (x86)/atmel/studio/7.0/toolchain/avr8/avr8-gnu-toolchain/bin/../lib/gcc/avr/5.4.0/avr6\libgcc.a(_copy_data.o)
 .data          0x00000000        0x0 c:/program files (x86)/atmel/studio/7.0/toolchain/avr8/avr8-gnu-toolchain/bin/../lib/gcc/avr/5.4.0/avr6\libgcc.a(_copy_data.o)
 .bss           0x00000000        0x0 c:/program files (x86)/atmel/studio/7.0/toolchain/avr8/avr8-gnu-toolchain/bin/../lib/gcc/avr/5.4.0/avr6\libgcc.a(_copy_data.o)
 .text.libgcc.mul
                0x00000000        0x0 c:/program files (x86)/atmel/studio/7.0/toolchain/avr8/avr8-gnu-toolchain/bin/../lib/gcc/avr/5.4.0/avr6\libgcc.a(_copy_data.o)
 .text.libgcc.div
                0x00000000        0x0 c:/program files (x86)/atmel/studio/7.0/toolchain/avr8/avr8-gnu-toolchain/bin/../lib/gcc/avr/5.4.0/avr6\libgcc.a(_copy_data.o)
 .text.libgcc   0x00000000        0x0 c:/program files (x86)/atmel/studio/7.0/toolchain/avr8/avr8-gnu-toolchain/bin/../lib/gcc/avr/5.4.0/avr6\libgcc.a(_copy_data.o)
 .text.libgcc.prologue
                0x00000000        0x0 c:/program files (x86)/atmel/studio/7.0/toolchain/avr8/avr8-gnu-toolchain/bin/../lib/gcc/avr/5.4.0/avr6\libgcc.a(_copy_data.o)
 .text.libgcc.builtins
                0x00000000        0x0 c:/program files (x86)/atmel/studio/7.0/toolchain/avr8/avr8-gnu-toolchain/bin/../lib/gcc/avr/5.4.0/avr6\libgcc.a(_copy_data.o)
 .text.libgcc.fmul
                0x00000000        0x0 c:/program files (x86)/atmel/studio/7.0/toolchain/avr8/avr8-gnu-toolchain/bin/../lib/gcc/avr/5.4.0/avr6\libgcc.a(_copy_data.o)
 .text.libgcc.fixed
                0x00000000        0x0 c:/program files (x86)/atmel/studio/7.0/toolchain/avr8/avr8-gnu-toolchain/bin/../lib/gcc/avr/5.4.0/avr6\libgcc.a(_copy_data.o)
 .text          0x00000000        0x0 c:/program files (x86)/atmel/studio/7.0/toolchain/avr8/avr8-gnu-toolchain/bin/../lib/gcc/avr/5.4.0/avr6\libgcc.a(_clear_bss.o)
 .data          0x00000000        0x0 c:/program files (x86)/atmel/studio/7.0/toolchain/avr8/avr8-gnu-toolchain/bin/../lib/gcc/avr/5.4.0/avr6\libgcc.a(_clear_bss.o)
 .bss           0x00000000        0x0 c:/program files (x86)/atmel/studio/7.0/toolchain/avr8/avr8-gnu-toolchain/bin/../lib/gcc/avr/5.4.0/avr6\libgcc.a(_clear_bss.o)
 .text.libgcc.mul
                0x00000000        0x0 c:/program files (x86)/atmel/studio/7.0/toolchain/avr8/avr8-gnu-toolchain/bin/../lib/gcc/avr/5.4.0/avr6\libgcc.a(_clear_bss.o)
 .text.libgcc.div
                0x00000000        0x0 c:/program files (x86)/atmel/studio/7.0/toolchain/avr8/avr8-gnu-toolchain/bin/../lib/gcc/avr/5.4.0/avr6\libgcc.a(_clear_bss.o)
 .text.libgcc   0x00000000        0x0 c:/program files (x86)/atmel/studio/7.0/toolchain/avr8/avr8-gnu-toolchain/bin/../lib/gcc/avr/5.4.0/avr6\libgcc.a(_clear_bss.o)
 .text.libgcc.prologue
                0x00000000        0x0 c:/program files (x86)/atmel/studio/7.0/toolchain/avr8/avr8-gnu-toolchain/bin/../lib/gcc/avr/5.4.0/avr6\libgcc.a(_clear_bss.o)
 .text.libgcc.builtins
                0x00000000        0x0 c:/program files (x86)/atmel/studio/7.0/toolchain/avr8/avr8-gnu-toolchain/bin/../lib/gcc/avr/5.4.0/avr6\libgcc.a(_clear_bss.o)
 .text.libgcc.fmul
                0x00000000        0x0 c:/program files (x86)/atmel/studio/7.0/toolchain/avr8/avr8-gnu-toolchain/bin/../lib/gcc/avr/5.4.0/avr6\libgcc.a(_clear_bss.o)
 .text.libgcc.fixed
                0x00000000        0x0 c:/program files (x86)/atmel/studio/7.0/toolchain/avr8/avr8-gnu-toolchain/bin/../lib/gcc/avr/5.4.0/avr6\libgcc.a(_clear_bss.o)
 .text          0x00000000        0x0 c:/program files (x86)/atmel/studio/7.0/toolchain/avr8/avr8-gnu-toolchain/bin/../lib/gcc/avr/5.4.0/avr6\libgcc.a(_ctors.o)
 .data          0x00000000        0x0 c:/program files (x86)/atmel/studio/7.0/toolchain/avr8/avr8-gnu-toolchain/bin/../lib/gcc/avr/5.4.0/avr6\libgcc.a(_ctors.o)
 .bss           0x00000000        0x0 c:/program files (x86)/atmel/studio/7.0/toolchain/avr8/avr8-gnu-toolchain/bin/../lib/gcc/avr/5.4.0/avr6\libgcc.a(_ctors.o)
 .text.libgcc.mul
                0x00000000        0x0 c:/program files (x86)/atmel/studio/7.0/toolchain/avr8/avr8-gnu-toolchain/bin/../lib/gcc/avr/5.4.0/avr6\libgcc.a(_ctors.o)
 .text.libgcc.div
                0x00000000        0x0 c:/program files (x86)/atmel/studio/7.0/toolchain/avr8/avr8-gnu-toolchain/bin/../lib/gcc/avr/5.4.0/avr6\libgcc.a(_ctors.o)
 .text.libgcc   0x00000000        0x0 c:/program files (x86)/atmel/studio/7.0/toolchain/avr8/avr8-gnu-toolchain/bin/../lib/gcc/avr/5.4.0/avr6\libgcc.a(_ctors.o)
 .text.libgcc.prologue
                0x00000000        0x0 c:/program files (x86)/atmel/studio/7.0/toolchain/avr8/avr8-gnu-toolchain/bin/../lib/gcc/avr/5.4.0/avr6\libgcc.a(_ctors.o)
 .text.libgcc.builtins
                0x00000000        0x0 c:/program files (x86)/atmel/studio/7.0/toolchain/avr8/avr8-gnu-toolchain/bin/../lib/gcc/avr/5.4.0/avr6\libgcc.a(_ctors.o)
 .text.libgcc.fmul
                0x00000000        0x0 c:/program files (x86)/atmel/studio/7.0/toolchain/avr8/avr8-gnu-toolchain/bin/../lib/gcc/avr/5.4.0/avr6\libgcc.a(_ctors.o)
 .text.libgcc.fixed
                0x00000000        0x0 c:/program files (x86)/atmel/studio/7.0/toolchain/avr8/avr8-gnu-toolchain/bin/../lib/gcc/avr/5.4.0/avr6\libgcc.a(_ctors.o)
 .text          0x00000000        0x0 c:/program files (x86)/atmel/studio/7.0/toolchain/avr8/avr8-gnu-toolchain/bin/../lib/gcc/avr/5.4.0/avr6\libgcc.a(_udivmodhi4.o)
 .data          0x00000000        0x0 c:/program files (x86)/atmel/studio/7.0/toolchain/avr8/avr8-gnu-toolchain/bin/../lib/gcc/avr/5.4.0/avr6\libgcc.a(_udivmodhi4.o)
 .bss           0x00000000        0x0 c:/program files (x86)/atmel/studio/7.0/toolchain/avr8/avr8-gnu-toolchain/bin/../lib/gcc/avr/5.4.0/avr6\libgcc.a(_udivmodhi4.o)
 .text.libgcc.mul
                0x00000000        0x0 c:/program files (x86)/atmel/studio/7.0/toolchain/avr8/avr8-gnu-toolchain/bin/../lib/gcc/avr/5.4.0/avr6\libgcc.a(_udivmodhi4.o)
 .text.libgcc   0x00000000        0x0 c:/program files (x86)/atmel/studio/7.0/toolchain/avr8/avr8-gnu-toolchain/bin/../lib/gcc/avr/5.4.0/avr6\libgcc.a(_udivmodhi4.o)
 .text.libgcc.prologue
                0x00000000        0x0 c:/program files (x86)/atmel/studio/7.0/toolchain/avr8/avr8-gnu-toolchain/bin/../lib/gcc/avr/5.4.0/avr6\libgcc.a(_udivmodhi4.o)
 .text.libgcc.builtins
                0x00000000        0x0 c:/program files (x86)/atmel/studio/7.0/toolchain/avr8/avr8-gnu-toolchain/bin/../lib/gcc/avr/5.4.0/avr6\libgcc.a(_udivmodhi4.o)
 .text.libgcc.fmul
                0x00000000        0x0 c:/program files (x86)/atmel/studio/7.0/toolchain/avr8/avr8-gnu-toolchain/bin/../lib/gcc/avr/5.4.0/avr6\libgcc.a(_udivmodhi4.o)
 .text.libgcc.fixed
                0x00000000        0x0 c:/program files (x86)/atmel/studio/7.0/toolchain/avr8/avr8-gnu-toolchain/bin/../lib/gcc/avr/5.4.0/avr6\libgcc.a(_udivmodhi4.o)
 .text          0x00000000        0x0 c:/program files (x86)/atmel/studio/7.0/toolchain/avr8/avr8-gnu-toolchain/bin/../lib/gcc/avr/5.4.0/../../../../avr/lib/avr6\libc.a(strcmp.o)
 .data          0x00000000        0x0 c:/program files (x86)/atmel/studio/7.0/toolchain/avr8/avr8-gnu-toolchain/bin/../lib/gcc/avr/5.4.0/../../../../avr/lib/avr6\libc.a(strcmp.o)
 .bss           0x00000000        0x0 c:/program files (x86)/atmel/studio/7.0/toolchain/avr8/avr8-gnu-toolchain/bin/../lib/gcc/avr/5.4.0/../../../../avr/lib/avr6\libc.a(strcmp.o)
 .text          0x00000000        0x0 c:/program files (x86)/atmel/studio/7.0/toolchain/avr8/avr8-gnu-toolchain/bin/../lib/gcc/avr/5.4.0/../../../../avr/lib/avr6\libc.a(itoa_ncheck.o)
 .data          0x00000000        0x0 c:/program files (x86)/atmel/studio/7.0/toolchain/avr8/avr8-gnu-toolchain/bin/../lib/gcc/avr/5.4.0/../../../../avr/lib/avr6\libc.a(itoa_ncheck.o)
 .bss           0x00000000        0x0 c:/program files (x86)/atmel/studio/7.0/toolchain/avr8/avr8-gnu-toolchain/bin/../lib/gcc/avr/5.4.0/../../../../avr/lib/avr6\libc.a(itoa_ncheck.o)
 .text          0x00000000        0x0 c:/program files (x86)/atmel/studio/7.0/toolchain/avr8/avr8-gnu-toolchain/bin/../lib/gcc/avr/5.4.0/../../../../avr/lib/avr6\libc.a(utoa_ncheck.o)
 .data          0x00000000        0x0 c:/program files (x86)/atmel/studio/7.0/toolchain/avr8/avr8-gnu-toolchain/bin/../lib/gcc/avr/5.4.0/../../../../avr/lib/avr6\libc.a(utoa_ncheck.o)
 .bss           0x00000000        0x0 c:/program files (x86)/atmel/studio/7.0/toolchain/avr8/avr8-gnu-toolchain/bin/../lib/gcc/avr/5.4.0/../../../../avr/lib/avr6\libc.a(utoa_ncheck.o)
 .text          0x00000000        0x0 c:/program files (x86)/atmel/studio/7.0/toolchain/avr8/avr8-gnu-toolchain/bin/../lib/gcc/avr/5.4.0/../../../../avr/lib/avr6\libc.a(strrev.o)
 .data          0x00000000        0x0 c:/program files (x86)/atmel/studio/7.0/toolchain/avr8/avr8-gnu-toolchain/bin/../lib/gcc/avr/5.4.0/../../../../avr/lib/avr6\libc.a(strrev.o)
 .bss           0x00000000        0x0 c:/program files (x86)/atmel/studio/7.0/toolchain/avr8/avr8-gnu-toolchain/bin/../lib/gcc/avr/5.4.0/../../../../avr/lib/avr6\libc.a(strrev.o)

Memory Configuration

Name             Origin             Length             Attributes
text             0x00000000         0x00040000         xr
data             0x00800200         0x00002000         rw !x
eeprom           0x00810000         0x00001000         rw !x
fuse             0x00820000         0x00000003         rw !x
lock             0x00830000         0x00000400         rw !x
signature        0x00840000         0x00000400         rw !x
user_signatures  0x00850000         0x00000400         rw !x
*default*        0x00000000         0xffffffff

Linker script and memory map

Address of section .data set to 0x800200
LOAD c:/program files (x86)/atmel/studio/7.0/toolchain/avr8/avr8-gnu-toolchain/bin/../lib/gcc/avr/5.4.0/../../../../avr/lib/avr6/crtatmega2560.o
LOAD atraso.o
LOAD classes.o
LOAD lcd.o
LOAD rrelogio.o
LOAD main.o
LOAD serial.o
LOAD teclado.o
START GROUP
LOAD c:/program files (x86)/atmel/studio/7.0/toolchain/avr8/avr8-gnu-toolchain/bin/../lib/gcc/avr/5.4.0/../../../../avr/lib/avr6\libm.a
END GROUP
LOAD c:/program files (x86)/atmel/studio/7.0/toolchain/avr8/avr8-gnu-toolchain/bin/../lib/gcc/avr/5.4.0/avr6\libgcc.a
LOAD c:/program files (x86)/atmel/studio/7.0/toolchain/avr8/avr8-gnu-toolchain/bin/../lib/gcc/avr/5.4.0/../../../../avr/lib/avr6\libm.a
START GROUP
LOAD c:/program files (x86)/atmel/studio/7.0/toolchain/avr8/avr8-gnu-toolchain/bin/../lib/gcc/avr/5.4.0/avr6\libgcc.a
LOAD c:/program files (x86)/atmel/studio/7.0/toolchain/avr8/avr8-gnu-toolchain/bin/../lib/gcc/avr/5.4.0/../../../../avr/lib/avr6\libm.a
LOAD c:/program files (x86)/atmel/studio/7.0/toolchain/avr8/avr8-gnu-toolchain/bin/../lib/gcc/avr/5.4.0/../../../../avr/lib/avr6\libc.a
LOAD c:/program files (x86)/atmel/studio/7.0/toolchain/avr8/avr8-gnu-toolchain/bin/../lib/gcc/avr/5.4.0/../../../../avr/lib/avr6\libatmega2560.a
END GROUP
                0x00000000                __TEXT_REGION_ORIGIN__ = DEFINED (__TEXT_REGION_ORIGIN__)?__TEXT_REGION_ORIGIN__:0x0
                [0x00800200]                __DATA_REGION_ORIGIN__ = DEFINED (__DATA_REGION_ORIGIN__)?__DATA_REGION_ORIGIN__:0x800200
                [0x00040000]                __TEXT_REGION_LENGTH__ = DEFINED (__TEXT_REGION_LENGTH__)?__TEXT_REGION_LENGTH__:0x100000
                [0x00002000]                __DATA_REGION_LENGTH__ = DEFINED (__DATA_REGION_LENGTH__)?__DATA_REGION_LENGTH__:0xfe00
                [0x00001000]                __EEPROM_REGION_LENGTH__ = DEFINED (__EEPROM_REGION_LENGTH__)?__EEPROM_REGION_LENGTH__:0x10000
                [0x00000003]                __FUSE_REGION_LENGTH__ = DEFINED (__FUSE_REGION_LENGTH__)?__FUSE_REGION_LENGTH__:0x400
                0x00000400                __LOCK_REGION_LENGTH__ = DEFINED (__LOCK_REGION_LENGTH__)?__LOCK_REGION_LENGTH__:0x400
                0x00000400                __SIGNATURE_REGION_LENGTH__ = DEFINED (__SIGNATURE_REGION_LENGTH__)?__SIGNATURE_REGION_LENGTH__:0x400
                0x00000400                __USER_SIGNATURE_REGION_LENGTH__ = DEFINED (__USER_SIGNATURE_REGION_LENGTH__)?__USER_SIGNATURE_REGION_LENGTH__:0x400

.hash
 *(.hash)

.dynsym
 *(.dynsym)

.dynstr
 *(.dynstr)

.gnu.version
 *(.gnu.version)

.gnu.version_d
 *(.gnu.version_d)

.gnu.version_r
 *(.gnu.version_r)

.rel.init
 *(.rel.init)

.rela.init
 *(.rela.init)

.rel.text
 *(.rel.text)
 *(.rel.text.*)
 *(.rel.gnu.linkonce.t*)

.rela.text
 *(.rela.text)
 *(.rela.text.*)
 *(.rela.gnu.linkonce.t*)

.rel.fini
 *(.rel.fini)

.rela.fini
 *(.rela.fini)

.rel.rodata
 *(.rel.rodata)
 *(.rel.rodata.*)
 *(.rel.gnu.linkonce.r*)

.rela.rodata
 *(.rela.rodata)
 *(.rela.rodata.*)
 *(.rela.gnu.linkonce.r*)

.rel.data
 *(.rel.data)
 *(.rel.data.*)
 *(.rel.gnu.linkonce.d*)

.rela.data
 *(.rela.data)
 *(.rela.data.*)
 *(.rela.gnu.linkonce.d*)

.rel.ctors
 *(.rel.ctors)

.rela.ctors
 *(.rela.ctors)

.rel.dtors
 *(.rel.dtors)

.rela.dtors
 *(.rela.dtors)

.rel.got
 *(.rel.got)

.rela.got
 *(.rela.got)

.rel.bss
 *(.rel.bss)

.rela.bss
 *(.rela.bss)

.rel.plt
 *(.rel.plt)

.rela.plt
 *(.rela.plt)

.text           0x00000000     0x1c4a
 *(.vectors)
 .vectors       0x00000000       0xe4 c:/program files (x86)/atmel/studio/7.0/toolchain/avr8/avr8-gnu-toolchain/bin/../lib/gcc/avr/5.4.0/../../../../avr/lib/avr6/crtatmega2560.o
                0x00000000                __vector_default
                0x00000000                __vectors
 *(.vectors)
 *(.progmem.gcc*)
 .progmem.gcc_sw_table.main
                0x000000e4       0x38 main.o
                0x0000011c                . = ALIGN (0x2)
                0x0000011c                __trampolines_start = .
 *(.trampolines)
 .trampolines   0x0000011c        0x0 linker stubs
 *(.trampolines*)
                0x0000011c                __trampolines_end = .
 *libprintf_flt.a:*(.progmem.data)
 *libc.a:*(.progmem.data)
 *(.progmem*)
                0x0000011c                . = ALIGN (0x2)
 *(.jumptables)
 *(.jumptables*)
 *(.lowtext)
 *(.lowtext*)
                0x0000011c                __ctors_start = .
 *(.ctors)
 .ctors         0x0000011c        0x2 rrelogio.o
 .ctors         0x0000011e        0x2 main.o
                0x00000120                __ctors_end = .
                0x00000120                __dtors_start = .
 *(.dtors)
                0x00000120                __dtors_end = .
 SORT(*)(.ctors)
 SORT(*)(.dtors)
 *(.init0)
 .init0         0x00000120        0x0 c:/program files (x86)/atmel/studio/7.0/toolchain/avr8/avr8-gnu-toolchain/bin/../lib/gcc/avr/5.4.0/../../../../avr/lib/avr6/crtatmega2560.o
                0x00000120                __init
 *(.init0)
 *(.init1)
 *(.init1)
 *(.init2)
 .init2         0x00000120       0x10 c:/program files (x86)/atmel/studio/7.0/toolchain/avr8/avr8-gnu-toolchain/bin/../lib/gcc/avr/5.4.0/../../../../avr/lib/avr6/crtatmega2560.o
 *(.init2)
 *(.init3)
 *(.init3)
 *(.init4)
 .init4         0x00000130       0x1a c:/program files (x86)/atmel/studio/7.0/toolchain/avr8/avr8-gnu-toolchain/bin/../lib/gcc/avr/5.4.0/avr6\libgcc.a(_copy_data.o)
                0x00000130                __do_copy_data
 .init4         0x0000014a       0x10 c:/program files (x86)/atmel/studio/7.0/toolchain/avr8/avr8-gnu-toolchain/bin/../lib/gcc/avr/5.4.0/avr6\libgcc.a(_clear_bss.o)
                0x0000014a                __do_clear_bss
 *(.init4)
 *(.init5)
 *(.init5)
 *(.init6)
 .init6         0x0000015a       0x20 c:/program files (x86)/atmel/studio/7.0/toolchain/avr8/avr8-gnu-toolchain/bin/../lib/gcc/avr/5.4.0/avr6\libgcc.a(_ctors.o)
                0x0000015a                __do_global_ctors
 *(.init6)
 *(.init7)
 *(.init7)
 *(.init8)
 *(.init8)
 *(.init9)
 .init9         0x0000017a        0x6 c:/program files (x86)/atmel/studio/7.0/toolchain/avr8/avr8-gnu-toolchain/bin/../lib/gcc/avr/5.4.0/../../../../avr/lib/avr6/crtatmega2560.o
 *(.init9)
 *(.text)
 .text          0x00000180        0x2 c:/program files (x86)/atmel/studio/7.0/toolchain/avr8/avr8-gnu-toolchain/bin/../lib/gcc/avr/5.4.0/../../../../avr/lib/avr6/crtatmega2560.o
                0x00000180                __vector_38
                0x00000180                __vector_22
                0x00000180                __vector_28
                0x00000180                __vector_1
                0x00000180                __vector_32
                0x00000180                __vector_34
                0x00000180                __vector_24
                0x00000180                __vector_12
                0x00000180                __vector_55
                0x00000180                __vector_46
                0x00000180                __bad_interrupt
                0x00000180                __vector_6
                0x00000180                __vector_31
                0x00000180                __vector_35
                0x00000180                __vector_39
                0x00000180                __vector_3
                0x00000180                __vector_23
                0x00000180                __vector_30
                0x00000180                __vector_45
                0x00000180                __vector_11
                0x00000180                __vector_54
                0x00000180                __vector_13
                0x00000180                __vector_17
                0x00000180                __vector_19
                0x00000180                __vector_56
                0x00000180                __vector_7
                0x00000180                __vector_49
                0x00000180                __vector_41
                0x00000180                __vector_43
                0x00000180                __vector_27
                0x00000180                __vector_5
                0x00000180                __vector_33
                0x00000180                __vector_47
                0x00000180                __vector_52
                0x00000180                __vector_37
                0x00000180                __vector_4
                0x00000180                __vector_44
                0x00000180                __vector_51
                0x00000180                __vector_9
                0x00000180                __vector_2
                0x00000180                __vector_21
                0x00000180                __vector_15
                0x00000180                __vector_36
                0x00000180                __vector_29
                0x00000180                __vector_40
                0x00000180                __vector_8
                0x00000180                __vector_48
                0x00000180                __vector_14
                0x00000180                __vector_53
                0x00000180                __vector_10
                0x00000180                __vector_50
                0x00000180                __vector_16
                0x00000180                __vector_18
                0x00000180                __vector_42
                0x00000182                . = ALIGN (0x2)
 *(.text.*)
 .text._Z8atrasomsj
                0x00000182       0x1e atraso.o
                0x00000182                _Z8atrasomsj
 .text._Z8atrasousj
                0x000001a0       0x1e atraso.o
                0x000001a0                _Z8atrasousj
 .text._ZN8DataHoraC2Ecccc
                0x000001be       0x12 classes.o
                0x000001be                _ZN8DataHoraC2Ecccc
                0x000001be                _ZN8DataHoraC1Ecccc
 .text._ZN8DataHora11setByVectorEPc
                0x000001d0       0x20 classes.o
                0x000001d0                _ZN8DataHora11setByVectorEPc
 .text._ZN8DataHora13setByDataHoraES_
                0x000001f0       0x2a classes.o
                0x000001f0                _ZN8DataHora13setByDataHoraES_
 .text._ZN8DataHora7diffMinES_
                0x0000021a       0x68 classes.o
                0x0000021a                _ZN8DataHora7diffMinES_
 .text._ZN8DataHora7diffSecES_
                0x00000282       0x62 classes.o
                0x00000282                _ZN8DataHora7diffSecES_
 .text._ZN8DataHora6incSegEc
                0x000002e4       0x94 classes.o
                0x000002e4                _ZN8DataHora6incSegEc
 .text._ZN7VeiculoC2E8DataHora
                0x00000378       0x8e classes.o
                0x00000378                _ZN7VeiculoC2E8DataHora
                0x00000378                _ZN7VeiculoC1E8DataHora
 .text._ZN7Veiculo11calculaPgtoE8DataHora
                0x00000406       0xdc classes.o
                0x00000406                _ZN7Veiculo11calculaPgtoE8DataHora
 .text._ZN7Veiculo5pagarEi8DataHora
                0x000004e2       0x52 classes.o
                0x000004e2                _ZN7Veiculo5pagarEi8DataHora
 .text._ZN7Veiculo10ehEspecialEv
                0x00000534       0x22 classes.o
                0x00000534                _ZN7Veiculo10ehEspecialEv
 .text._ZN7Veiculo12ehPlacaIgualEPc
                0x00000556       0x32 classes.o
                0x00000556                _ZN7Veiculo12ehPlacaIgualEPc
 .text._ZN7Veiculo18ehNumeroPlacaIgualEPc
                0x00000588       0x30 classes.o
                0x00000588                _ZN7Veiculo18ehNumeroPlacaIgualEPc
 .text._ZN7Veiculo8setPlacaEPc
                0x000005b8       0x22 classes.o
                0x000005b8                _ZN7Veiculo8setPlacaEPc
 .text._Z9porta_lcdc
                0x000005da        0xe lcd.o
                0x000005da                _Z9porta_lcdc
 .text._Z11lcd_comandoc
                0x000005e8        0x6 lcd.o
                0x000005e8                _Z11lcd_comandoc
 .text._Z12lcdWritecharc
                0x000005ee        0x6 lcd.o
                0x000005ee                _Z12lcdWritecharc
 .text._Z9setCursorjj
                0x000005f4       0x38 lcd.o
                0x000005f4                _Z9setCursorjj
 .text._Z8lcdWritePc
                0x0000062c       0x40 lcd.o
                0x0000062c                _Z8lcdWritePc
 .text._Z11lcdWritePosPccc
                0x0000066c       0x1a lcd.o
                0x0000066c                _Z11lcdWritePosPccc
 .text._Z15lcdWritecharPosccc
                0x00000686       0x16 lcd.o
                0x00000686                _Z15lcdWritecharPosccc
 .text._Z13clear_displayv
                0x0000069c       0x20 lcd.o
                0x0000069c                _Z13clear_displayv
 .text._Z10lcd_configv
                0x000006bc       0x18 lcd.o
                0x000006bc                _Z10lcd_configv
 .text.__vector_20
                0x000006d4       0x60 rrelogio.o
                0x000006d4                __vector_20
 .text._Z13timer1_configv
                0x00000734       0x14 rrelogio.o
                0x00000734                _Z13timer1_configv
 .text._GLOBAL__sub_I_relogio
                0x00000748       0x14 rrelogio.o
 .text._Z11desbloqueiav
                0x0000075c       0x10 main.o
                0x0000075c                _Z11desbloqueiav
 .text._Z11cancelaAbrec
                0x0000076c       0x20 main.o
                0x0000076c                _Z11cancelaAbrec
 .text._Z12cancelaFechac
                0x0000078c       0x20 main.o
                0x0000078c                _Z12cancelaFechac
 .text._Z8bloqueiav
                0x000007ac       0x1a main.o
                0x000007ac                _Z8bloqueiav
 .text._Z12procuraPlacaPc
                0x000007c6       0x44 main.o
                0x000007c6                _Z12procuraPlacaPc
 .text._Z18procuraPlacaNumeroPc
                0x0000080a       0x44 main.o
                0x0000080a                _Z18procuraPlacaNumeroPc
 .text._Z8pedeMapac
                0x0000084e       0x1a main.o
                0x0000084e                _Z8pedeMapac
 .text._Z9countMapaPA5_cPcc
                0x00000868       0x7e main.o
                0x00000868                _Z9countMapaPA5_cPcc
 .text._Z11escreveNota7Veiculo
                0x000008e6       0x5a main.o
                0x000008e6                _Z11escreveNota7Veiculo
 .text.main     0x00000940      0xe4e main.o
                0x00000940                main
 .text._GLOBAL__sub_I_desbloqueado
                0x0000178e       0x76 main.o
 .text._Z11serialSetupv
                0x00001804       0x1e serial.o
                0x00001804                _Z11serialSetupv
 .text._Z8novoDadov
                0x00001822        0xc serial.o
                0x00001822                _Z8novoDadov
 .text._Z2lev   0x0000182e       0x5c serial.o
                0x0000182e                _Z2lev
 .text._Z7leVetorPci
                0x0000188a       0x2a serial.o
                0x0000188a                _Z7leVetorPci
 .text._Z7escrevec
                0x000018b4       0x38 serial.o
                0x000018b4                _Z7escrevec
 .text._Z12escreveVetorPci
                0x000018ec       0x2a serial.o
                0x000018ec                _Z12escreveVetorPci
 .text.__vector_26
                0x00001916       0x54 serial.o
                0x00001916                __vector_26
 .text.__vector_25
                0x0000196a       0x4e serial.o
                0x0000196a                __vector_25
 .text._Z8le_linhav
                0x000019b8       0x2a teclado.o
                0x000019b8                _Z8le_linhav
 .text._Z11solta_teclac
                0x000019e2       0x58 teclado.o
                0x000019e2                _Z11solta_teclac
 .text._Z14debounce_linhav
                0x00001a3a       0x36 teclado.o
                0x00001a3a                _Z14debounce_linhav
 .text._Z16converte_leituracc
                0x00001a70       0x92 teclado.o
                0x00001a70                _Z16converte_leituracc
 .text._Z10le_tecladov
                0x00001b02       0x6e teclado.o
                0x00001b02                _Z10le_tecladov
 .text.libgcc.div
                0x00001b70       0x26 c:/program files (x86)/atmel/studio/7.0/toolchain/avr8/avr8-gnu-toolchain/bin/../lib/gcc/avr/5.4.0/avr6\libgcc.a(_divmodhi4.o)
                0x00001b70                _div
                0x00001b70                __divmodhi4
 .text.libgcc   0x00001b96       0x10 c:/program files (x86)/atmel/studio/7.0/toolchain/avr8/avr8-gnu-toolchain/bin/../lib/gcc/avr/5.4.0/avr6\libgcc.a(_tablejump2.o)
                0x00001b96                __tablejump2__
 .text.libgcc.div
                0x00001ba6       0x28 c:/program files (x86)/atmel/studio/7.0/toolchain/avr8/avr8-gnu-toolchain/bin/../lib/gcc/avr/5.4.0/avr6\libgcc.a(_udivmodhi4.o)
                0x00001ba6                __udivmodhi4
 .text.avr-libc
                0x00001bce       0x12 c:/program files (x86)/atmel/studio/7.0/toolchain/avr8/avr8-gnu-toolchain/bin/../lib/gcc/avr/5.4.0/../../../../avr/lib/avr6\libc.a(strcmp.o)
                0x00001bce                strcmp
 .text.avr-libc
                0x00001be0       0x14 c:/program files (x86)/atmel/studio/7.0/toolchain/avr8/avr8-gnu-toolchain/bin/../lib/gcc/avr/5.4.0/../../../../avr/lib/avr6\libc.a(itoa_ncheck.o)
                0x00001be0                __itoa_ncheck
 .text.avr-libc
                0x00001bf4       0x32 c:/program files (x86)/atmel/studio/7.0/toolchain/avr8/avr8-gnu-toolchain/bin/../lib/gcc/avr/5.4.0/../../../../avr/lib/avr6\libc.a(utoa_ncheck.o)
                0x00001bf4                __utoa_ncheck
                0x00001bf6                __utoa_common
 .text.avr-libc
                0x00001c26       0x20 c:/program files (x86)/atmel/studio/7.0/toolchain/avr8/avr8-gnu-toolchain/bin/../lib/gcc/avr/5.4.0/../../../../avr/lib/avr6\libc.a(strrev.o)
                0x00001c26                strrev
                0x00001c46                . = ALIGN (0x2)
 *(.fini9)
 .fini9         0x00001c46        0x0 c:/program files (x86)/atmel/studio/7.0/toolchain/avr8/avr8-gnu-toolchain/bin/../lib/gcc/avr/5.4.0/avr6\libgcc.a(_exit.o)
                0x00001c46                _exit
                0x00001c46                exit
 *(.fini9)
 *(.fini8)
 *(.fini8)
 *(.fini7)
 *(.fini7)
 *(.fini6)
 *(.fini6)
 *(.fini5)
 *(.fini5)
 *(.fini4)
 *(.fini4)
 *(.fini3)
 *(.fini3)
 *(.fini2)
 *(.fini2)
 *(.fini1)
 *(.fini1)
 *(.fini0)
 .fini0         0x00001c46        0x4 c:/program files (x86)/atmel/studio/7.0/toolchain/avr8/avr8-gnu-toolchain/bin/../lib/gcc/avr/5.4.0/avr6\libgcc.a(_exit.o)
 *(.fini0)
                0x00001c4a                _etext = .

.data           0x00800200      0x16e load address 0x00001c4a
                0x00800200                PROVIDE (__data_start, .)
 *(.data)
 *(.data*)
 .data.telaNova
                0x00800200        0x1 main.o
                0x00800200                telaNova
 .data.estado   0x00800201        0x1 main.o
                0x00800201                estado
 *(.gnu.linkonce.d*)
 *(.rodata)
 *(.rodata*)
 .rodata.str1.1
                0x00800202       0x14 classes.o
 .rodata.str1.1
                0x00800216       0x11 lcd.o
 .rodata.str1.1
                0x00800227      0x147 main.o
                                0x15a (size before relaxing)
 *(.gnu.linkonce.r*)
                0x0080036e                . = ALIGN (0x2)
                0x0080036e                _edata = .
                0x0080036e                PROVIDE (__data_end, .)

.bss            0x0080036e      0xcd0
                0x0080036e                PROVIDE (__bss_start, .)
 *(.bss)
 *(.bss*)
 .bss.relogio   0x0080036e        0x5 rrelogio.o
                0x0080036e                relogio
 .bss.carros    0x00800373      0xac8 main.o
                0x00800373                carros
 .bss.desbloqueado
                0x00800e3b        0x1 main.o
                0x00800e3b                desbloqueado
 .bss.serialRXPosR
                0x00800e3c        0x1 serial.o
                0x00800e3c                serialRXPosR
 .bss.serialRXPosW
                0x00800e3d        0x1 serial.o
                0x00800e3d                serialRXPosW
 .bss.serialRXBuffer
                0x00800e3e       0xff serial.o
                0x00800e3e                serialRXBuffer
 .bss.serialTXPosR
                0x00800f3d        0x1 serial.o
                0x00800f3d                serialTXPosR
 .bss.serialTXPosW
                0x00800f3e        0x1 serial.o
                0x00800f3e                serialTXPosW
 .bss.serialTXBuffer
                0x00800f3f       0xff serial.o
                0x00800f3f                serialTXBuffer
 *(COMMON)
                0x0080103e                PROVIDE (__bss_end, .)
                0x00001c4a                __data_load_start = LOADADDR (.data)
                0x00001db8                __data_load_end = (__data_load_start + SIZEOF (.data))

.noinit         0x0080103e        0x0
                [!provide]                PROVIDE (__noinit_start, .)
 *(.noinit*)
                [!provide]                PROVIDE (__noinit_end, .)
                0x0080103e                _end = .
                [!provide]                PROVIDE (__heap_start, .)

.eeprom         0x00810000        0x0
 *(.eeprom*)
                0x00810000                __eeprom_end = .

.fuse
 *(.fuse)
 *(.lfuse)
 *(.hfuse)
 *(.efuse)

.lock
 *(.lock*)

.signature
 *(.signature*)

.user_signatures
 *(.user_signatures*)

.stab
 *(.stab)

.stabstr
 *(.stabstr)

.stab.excl
 *(.stab.excl)

.stab.exclstr
 *(.stab.exclstr)

.stab.index
 *(.stab.index)

.stab.indexstr
 *(.stab.indexstr)

.comment        0x00000000       0x30
 *(.comment)
 .comment       0x00000000       0x30 atraso.o
                                 0x31 (size before relaxing)
 .comment       0x00000030       0x31 classes.o
 .comment       0x00000030       0x31 lcd.o
 .comment       0x00000030       0x31 rrelogio.o
 .comment       0x00000030       0x31 main.o
 .comment       0x00000030       0x31 serial.o
 .comment       0x00000030       0x31 teclado.o

.note.gnu.avr.deviceinfo
                0x00000000       0x40
 .note.gnu.avr.deviceinfo
                0x00000000       0x40 c:/program files (x86)/atmel/studio/7.0/toolchain/avr8/avr8-gnu-toolchain/bin/../lib/gcc/avr/5.4.0/../../../../avr/lib/avr6/crtatmega2560.o

.note.gnu.build-id
 *(.note.gnu.build-id)

.debug
 *(.debug)

.line
 *(.line)

.debug_srcinfo
 *(.debug_srcinfo)

.debug_sfnames
 *(.debug_sfnames)

.debug_aranges  0x00000000      0x268
 *(.debug_aranges)
 .debug_aranges
                0x00000000       0x28 atraso.o
 .debug_aranges
                0x00000028       0x90 classes.o
 .debug_aranges
                0x000000b8       0x60 lcd.o
 .debug_aranges
                0x00000118       0x30 rrelogio.o
 .debug_aranges
                0x00000148       0x88 main.o
 .debug_aranges
                0x000001d0       0x58 serial.o
 .debug_aranges
                0x00000228       0x40 teclado.o

.debug_pubnames
 *(.debug_pubnames)

.debug_info     0x00000000     0x45a5
 *(.debug_info .gnu.linkonce.wi.*)
 .debug_info    0x00000000      0xbbc c:/program files (x86)/atmel/studio/7.0/toolchain/avr8/avr8-gnu-toolchain/bin/../lib/gcc/avr/5.4.0/../../../../avr/lib/avr6/crtatmega2560.o
 .debug_info    0x00000bbc       0xb6 atraso.o
 .debug_info    0x00000c72      0x95f classes.o
 .debug_info    0x000015d1      0x3ce lcd.o
 .debug_info    0x0000199f      0x2d5 rrelogio.o
 .debug_info    0x00001c74     0x23c9 main.o
 .debug_info    0x0000403d      0x298 serial.o
 .debug_info    0x000042d5      0x2d0 teclado.o

.debug_abbrev   0x00000000     0x168c
 *(.debug_abbrev)
 .debug_abbrev  0x00000000      0xb1a c:/program files (x86)/atmel/studio/7.0/toolchain/avr8/avr8-gnu-toolchain/bin/../lib/gcc/avr/5.4.0/../../../../avr/lib/avr6/crtatmega2560.o
 .debug_abbrev  0x00000b1a       0x6f atraso.o
 .debug_abbrev  0x00000b89      0x280 classes.o
 .debug_abbrev  0x00000e09       0xfa lcd.o
 .debug_abbrev  0x00000f03      0x15e rrelogio.o
 .debug_abbrev  0x00001061      0x3bb main.o
 .debug_abbrev  0x0000141c      0x164 serial.o
 .debug_abbrev  0x00001580      0x10c teclado.o

.debug_line     0x00000000     0x18e3
 *(.debug_line .debug_line.* .debug_line_end)
 .debug_line    0x00000000       0x1a c:/program files (x86)/atmel/studio/7.0/toolchain/avr8/avr8-gnu-toolchain/bin/../lib/gcc/avr/5.4.0/../../../../avr/lib/avr6/crtatmega2560.o
 .debug_line    0x0000001a       0xb9 atraso.o
 .debug_line    0x000000d3      0x3da classes.o
 .debug_line    0x000004ad      0x1bf lcd.o
 .debug_line    0x0000066c       0xa2 rrelogio.o
 .debug_line    0x0000070e      0xd17 main.o
 .debug_line    0x00001425      0x204 serial.o
 .debug_line    0x00001629      0x2ba teclado.o

.debug_frame    0x00000000      0x6e8
 *(.debug_frame)
 .debug_frame   0x00000000       0x34 atraso.o
 .debug_frame   0x00000034      0x1cc classes.o
 .debug_frame   0x00000200       0xe0 lcd.o
 .debug_frame   0x000002e0       0x94 rrelogio.o
 .debug_frame   0x00000374      0x1f0 main.o
 .debug_frame   0x00000564       0xf8 serial.o
 .debug_frame   0x0000065c       0x8c teclado.o

.debug_str      0x00000000     0x10e2
 *(.debug_str)
 .debug_str     0x00000000      0x3e6 c:/program files (x86)/atmel/studio/7.0/toolchain/avr8/avr8-gnu-toolchain/bin/../lib/gcc/avr/5.4.0/../../../../avr/lib/avr6/crtatmega2560.o
 .debug_str     0x000003e6      0x19f atraso.o
                                0x1d3 (size before relaxing)
 .debug_str     0x00000585      0x38d classes.o
                                0x505 (size before relaxing)
 .debug_str     0x00000912      0x138 lcd.o
                                0x2f0 (size before relaxing)
 .debug_str     0x00000a4a       0x9a rrelogio.o
                                0x37e (size before relaxing)
 .debug_str     0x00000ae4      0x4bb main.o
                                0xad5 (size before relaxing)
 .debug_str     0x00000f9f       0x80 serial.o
                                0x2c6 (size before relaxing)
 .debug_str     0x0000101f       0xc3 teclado.o
                                0x2a5 (size before relaxing)

.debug_loc      0x00000000     0x240a
 *(.debug_loc)
 .debug_loc     0x00000000       0x50 atraso.o
 .debug_loc     0x00000050      0x9d5 classes.o
 .debug_loc     0x00000a25      0x370 lcd.o
 .debug_loc     0x00000d95      0x116 rrelogio.o
 .debug_loc     0x00000eab      0xedf main.o
 .debug_loc     0x00001d8a      0x2d3 serial.o
 .debug_loc     0x0000205d      0x3ad teclado.o

.debug_macinfo
 *(.debug_macinfo)

.debug_weaknames
 *(.debug_weaknames)

.debug_funcnames
 *(.debug_funcnames)

.debug_typenames
 *(.debug_typenames)

.debug_varnames
 *(.debug_varnames)

.debug_pubtypes
 *(.debug_pubtypes)

.debug_ranges   0x00000000      0x2a0
 *(.debug_ranges)
 .debug_ranges  0x00000000       0x18 atraso.o
 .debug_ranges  0x00000018       0xb0 classes.o
 .debug_ranges  0x000000c8       0x50 lcd.o
 .debug_ranges  0x00000118       0x20 rrelogio.o
 .debug_ranges  0x00000138       0xf0 main.o
 .debug_ranges  0x00000228       0x48 serial.o
 .debug_ranges  0x00000270       0x30 teclado.o

.debug_macro
 *(.debug_macro)
OUTPUT(AVREstacionaMicros.elf elf32-avr)
LOAD linker stubs
